[www.odoo.com/documentation/18.0/applications.html]
[backblue.gif]
[fade.gif]
[index.html]
[www.odoo.com/documentation/18.0/_static/pygments.css]
[www.odoo.com/documentation/18.0/_static/style.css]
[www.odoo.com/documentation/18.0/_static/graphviz.css]
[www.odoo.com/documentation/18.0/_static/documentation_options.js]
[www.odoo.com/documentation/18.0/_static/jquery.js]
[www.odoo.com/documentation/18.0/_static/underscore.js]
[www.odoo.com/documentation/18.0/_static/doctools.js]
[www.odoo.com/documentation/18.0/_static/js/utils.js]
[www.odoo.com/documentation/18.0/_static/js/layout.js]
[www.odoo.com/documentation/18.0/_static/js/menu.js]
[www.odoo.com/documentation/18.0/_static/js/page_toc.js]
[www.odoo.com/documentation/18.0/_static/js/switchers.js]
[internal-analytics.odoo.com/js/plausible.js]
[cdn.jsdelivr.net/npm/bootstrap@5.0.0-beta2/dist/js/bootstrap.bundle.min.js]
[www.odoo.com/documentation/18.0/_static/favicon.ico]
[www.odoo.com/documentation/18.0/de/applications.html]
[www.odoo.com/documentation/18.0/es/applications.html]
[www.odoo.com/documentation/18.0/es_419/applications.html]
[www.odoo.com/documentation/18.0/fr/applications.html]
[www.odoo.com/documentation/18.0/id/applications.html]
[www.odoo.com/documentation/18.0/it/applications.html]
[www.odoo.com/documentation/18.0/ja/applications.html]
[www.odoo.com/documentation/18.0/ko/applications.html]
[www.odoo.com/documentation/18.0/nl/applications.html]
[www.odoo.com/documentation/18.0/pt_BR/applications.html]
[www.odoo.com/documentation/18.0/ro/applications.html]
[www.odoo.com/documentation/18.0/sv/applications.html]
[www.odoo.com/documentation/18.0/th/applications.html]
[www.odoo.com/documentation/18.0/vi/applications.html]
[www.odoo.com/documentation/18.0/zh_CN/applications.html]
[www.odoo.com/documentation/18.0/zh_TW/applications.html]
[www.odoo.com/documentation/18.0/genindex.html]
[www.odoo.com/documentation/18.0/search.html]
[www.odoo.com/documentation/18.0/applications/essentials.html]
[www.odoo.com/documentation/18.0/index.html]
[www.odoo.com/documentation/18.0/applications/essentials/activities.html]
[www.odoo.com/documentation/18.0/applications/essentials/reporting.html]
[www.odoo.com/documentation/18.0/applications/essentials/search.html]
[www.odoo.com/documentation/18.0/applications/essentials/contacts.html]
[www.odoo.com/documentation/18.0/applications/essentials/contacts/merge.html]
[www.odoo.com/documentation/18.0/applications/essentials/export_import_data.html]
[www.odoo.com/documentation/18.0/applications/essentials/in_app_purchase.html]
[www.odoo.com/documentation/18.0/applications/essentials/keyboard_shortcuts.html]
[www.odoo.com/documentation/18.0/applications/finance/accounting.html]
[www.odoo.com/documentation/18.0/applications/finance/accounting/get_started.html]
[www.odoo.com/documentation/18.0/applications/finance/accounting/get_started/cheat_sheet.html]
[www.odoo.com/documentation/18.0/applications/finance/accounting/get_started/chart_of_accounts.html]
[www.odoo.com/documentation/18.0/applications/finance/accounting/get_started/multi_currency.html]
[www.odoo.com/documentation/18.0/applications/finance/accounting/get_started/avg_price_valuation.html]
[www.odoo.com/documentation/18.0/applications/finance/accounting/get_started/tax_units.html]
[www.odoo.com/documentation/18.0/applications/finance/accounting/taxes.html]
[www.odoo.com/documentation/18.0/applications/finance/accounting/taxes/cash_basis.html]
[www.odoo.com/documentation/18.0/applications/finance/accounting/taxes/retention.html]
[www.odoo.com/documentation/18.0/applications/finance/accounting/taxes/vat_verification.html]
[www.odoo.com/documentation/18.0/applications/finance/accounting/taxes/fiscal_positions.html]
[www.odoo.com/documentation/18.0/applications/finance/accounting/taxes/avatax.html]
[www.odoo.com/documentation/18.0/applications/finance/accounting/taxes/avatax/avatax_use.html]
[www.odoo.com/documentation/18.0/applications/finance/accounting/taxes/avatax/avalara_portal.html]
[www.odoo.com/documentation/18.0/applications/finance/accounting/taxes/eu_distance_selling.html]
[www.odoo.com/documentation/18.0/applications/finance/accounting/taxes/B2B_B2C.html]
[www.odoo.com/documentation/18.0/applications/finance/accounting/customer_invoices.html]
[www.odoo.com/documentation/18.0/applications/finance/accounting/customer_invoices/overview.html]
[www.odoo.com/documentation/18.0/applications/finance/accounting/customer_invoices/customer_addresses.html]
[www.odoo.com/documentation/18.0/applications/finance/accounting/customer_invoices/payment_terms.html]
[www.odoo.com/documentation/18.0/applications/finance/accounting/customer_invoices/terms_conditions.html]
[www.odoo.com/documentation/18.0/applications/finance/accounting/customer_invoices/cash_discounts.html]
[www.odoo.com/documentation/18.0/applications/finance/accounting/customer_invoices/credit_notes.html]
[www.odoo.com/documentation/18.0/applications/finance/accounting/customer_invoices/cash_rounding.html]
[www.odoo.com/documentation/18.0/applications/finance/accounting/customer_invoices/deferred_revenues.html]
[www.odoo.com/documentation/18.0/applications/finance/accounting/customer_invoices/electronic_invoicing.html]
[www.odoo.com/documentation/18.0/applications/finance/accounting/customer_invoices/snailmail.html]
[www.odoo.com/documentation/18.0/applications/finance/accounting/customer_invoices/epc_qr_code.html]
[www.odoo.com/documentation/18.0/applications/finance/accounting/customer_invoices/incoterms.html]
[www.odoo.com/documentation/18.0/applications/finance/accounting/vendor_bills.html]
[www.odoo.com/documentation/18.0/applications/finance/accounting/vendor_bills/invoice_digitization.html]
[www.odoo.com/documentation/18.0/applications/finance/accounting/vendor_bills/assets.html]
[www.odoo.com/documentation/18.0/applications/finance/accounting/vendor_bills/deferred_expenses.html]
[www.odoo.com/documentation/18.0/applications/finance/accounting/payments.html]
[www.odoo.com/documentation/18.0/applications/finance/accounting/payments/online.html]
[www.odoo.com/documentation/18.0/applications/finance/accounting/payments/online/install_portal_patch.html]
[www.odoo.com/documentation/18.0/applications/finance/accounting/payments/checks.html]
[www.odoo.com/documentation/18.0/applications/finance/accounting/payments/batch.html]
[www.odoo.com/documentation/18.0/applications/finance/accounting/payments/batch_sdd.html]
[www.odoo.com/documentation/18.0/applications/finance/accounting/payments/follow_up.html]
[www.odoo.com/documentation/18.0/applications/finance/accounting/payments/internal_transfers.html]
[www.odoo.com/documentation/18.0/applications/finance/accounting/payments/pay_sepa.html]
[www.odoo.com/documentation/18.0/applications/finance/accounting/payments/pay_checks.html]
[www.odoo.com/documentation/18.0/applications/finance/accounting/payments/forecast.html]
[www.odoo.com/documentation/18.0/applications/finance/accounting/payments/trusted_accounts.html]
[www.odoo.com/documentation/18.0/applications/finance/accounting/bank.html]
[www.odoo.com/documentation/18.0/applications/finance/accounting/bank/bank_synchronization.html]
[www.odoo.com/documentation/18.0/applications/finance/accounting/bank/bank_synchronization/saltedge.html]
[www.odoo.com/documentation/18.0/applications/finance/accounting/bank/bank_synchronization/ponto.html]
[www.odoo.com/documentation/18.0/applications/finance/accounting/bank/bank_synchronization/enablebanking.html]
[www.odoo.com/documentation/18.0/applications/finance/accounting/bank/transactions.html]
[www.odoo.com/documentation/18.0/applications/finance/accounting/bank/reconciliation.html]
[www.odoo.com/documentation/18.0/applications/finance/accounting/bank/reconciliation_models.html]
[www.odoo.com/documentation/18.0/applications/finance/accounting/bank/foreign_currency.html]
[www.odoo.com/documentation/18.0/applications/finance/accounting/bank/loans.html]
[www.odoo.com/documentation/18.0/applications/finance/accounting/reporting.html]
[www.odoo.com/documentation/18.0/applications/finance/accounting/reporting/tax_returns.html]
[www.odoo.com/documentation/18.0/applications/finance/accounting/reporting/tax_carryover.html]
[www.odoo.com/documentation/18.0/applications/finance/accounting/reporting/analytic_accounting.html]
[www.odoo.com/documentation/18.0/applications/finance/accounting/reporting/budget.html]
[www.odoo.com/documentation/18.0/applications/finance/accounting/reporting/intrastat.html]
[www.odoo.com/documentation/18.0/applications/finance/accounting/reporting/data_inalterability.html]
[www.odoo.com/documentation/18.0/applications/finance/accounting/reporting/silverfin.html]
[www.odoo.com/documentation/18.0/applications/finance/accounting/reporting/customize.html]
[www.odoo.com/documentation/18.0/applications/finance/accounting/reporting/year_end.html]
[www.odoo.com/documentation/18.0/applications/finance/expenses.html]
[www.odoo.com/documentation/18.0/applications/finance/expenses/log_expenses.html]
[www.odoo.com/documentation/18.0/applications/finance/expenses/expense_reports.html]
[www.odoo.com/documentation/18.0/applications/finance/expenses/approve_expenses.html]
[www.odoo.com/documentation/18.0/applications/finance/expenses/post_expenses.html]
[www.odoo.com/documentation/18.0/applications/finance/expenses/reimburse.html]
[www.odoo.com/documentation/18.0/applications/finance/expenses/reinvoice_expenses.html]
[www.odoo.com/documentation/18.0/applications/finance/payment_providers.html]
[www.odoo.com/documentation/18.0/applications/finance/payment_providers/wire_transfer.html]
[www.odoo.com/documentation/18.0/applications/finance/payment_providers/adyen.html]
[www.odoo.com/documentation/18.0/applications/finance/payment_providers/amazon_payment_services.html]
[www.odoo.com/documentation/18.0/applications/finance/payment_providers/asiapay.html]
[www.odoo.com/documentation/18.0/applications/finance/payment_providers/authorize.html]
[www.odoo.com/documentation/18.0/applications/finance/payment_providers/buckaroo.html]
[www.odoo.com/documentation/18.0/applications/finance/payment_providers/demo.html]
[www.odoo.com/documentation/18.0/applications/finance/payment_providers/flutterwave.html]
[www.odoo.com/documentation/18.0/applications/finance/payment_providers/mercado_pago.html]
[www.odoo.com/documentation/18.0/applications/finance/payment_providers/mollie.html]
[www.odoo.com/documentation/18.0/applications/finance/payment_providers/paypal.html]
[www.odoo.com/documentation/18.0/applications/finance/payment_providers/razorpay.html]
[www.odoo.com/documentation/18.0/applications/finance/payment_providers/stripe.html]
[www.odoo.com/documentation/18.0/applications/finance/payment_providers/worldline.html]
[www.odoo.com/documentation/18.0/applications/finance/payment_providers/xendit.html]
[www.odoo.com/documentation/18.0/applications/finance/fiscal_localizations.html]
[www.odoo.com/documentation/18.0/applications/finance/fiscal_localizations/argentina.html]
[www.odoo.com/documentation/18.0/applications/finance/fiscal_localizations/australia.html]
[www.odoo.com/documentation/18.0/applications/finance/fiscal_localizations/austria.html]
[www.odoo.com/documentation/18.0/applications/finance/fiscal_localizations/belgium.html]
[www.odoo.com/documentation/18.0/applications/finance/fiscal_localizations/brazil.html]
[www.odoo.com/documentation/18.0/applications/finance/fiscal_localizations/canada.html]
[www.odoo.com/documentation/18.0/applications/finance/fiscal_localizations/chile.html]
[www.odoo.com/documentation/18.0/applications/finance/fiscal_localizations/colombia.html]
[www.odoo.com/documentation/18.0/applications/finance/fiscal_localizations/ecuador.html]
[www.odoo.com/documentation/18.0/applications/finance/fiscal_localizations/egypt.html]
[www.odoo.com/documentation/18.0/applications/finance/fiscal_localizations/france.html]
[www.odoo.com/documentation/18.0/applications/finance/fiscal_localizations/germany.html]
[www.odoo.com/documentation/18.0/applications/finance/fiscal_localizations/hong_kong.html]
[www.odoo.com/documentation/18.0/applications/finance/fiscal_localizations/india.html]
[www.odoo.com/documentation/18.0/applications/finance/fiscal_localizations/indonesia.html]
[www.odoo.com/documentation/18.0/applications/finance/fiscal_localizations/italy.html]
[www.odoo.com/documentation/18.0/applications/finance/fiscal_localizations/kenya.html]
[www.odoo.com/documentation/18.0/applications/finance/fiscal_localizations/luxembourg.html]
[www.odoo.com/documentation/18.0/applications/finance/fiscal_localizations/malaysia.html]
[www.odoo.com/documentation/18.0/applications/finance/fiscal_localizations/mexico.html]
[www.odoo.com/documentation/18.0/applications/finance/fiscal_localizations/netherlands.html]
[www.odoo.com/documentation/18.0/applications/finance/fiscal_localizations/new_zealand.html]
[www.odoo.com/documentation/18.0/applications/finance/fiscal_localizations/romania.html]
[www.odoo.com/documentation/18.0/applications/finance/fiscal_localizations/peru.html]
[www.odoo.com/documentation/18.0/applications/finance/fiscal_localizations/philippines.html]
[www.odoo.com/documentation/18.0/applications/finance/fiscal_localizations/saudi_arabia.html]
[www.odoo.com/documentation/18.0/applications/finance/fiscal_localizations/singapore.html]
[www.odoo.com/documentation/18.0/applications/finance/fiscal_localizations/spain.html]
[www.odoo.com/documentation/18.0/applications/finance/fiscal_localizations/switzerland.html]
[www.odoo.com/documentation/18.0/applications/finance/fiscal_localizations/thailand.html]
[www.odoo.com/documentation/18.0/applications/finance/fiscal_localizations/vietnam.html]
[www.odoo.com/documentation/18.0/applications/finance/fiscal_localizations/united_arab_emirates.html]
[www.odoo.com/documentation/18.0/applications/finance/fiscal_localizations/united_kingdom.html]
[www.odoo.com/documentation/18.0/applications/finance/fiscal_localizations/united_states.html]
[www.odoo.com/documentation/18.0/applications/finance/fiscal_localizations/uruguay.html]
[www.odoo.com/documentation/18.0/applications/finance/fiscal_localizations/employment_hero.html]
[www.odoo.com/documentation/18.0/applications/sales/crm.html]
[www.odoo.com/documentation/18.0/applications/sales/crm/pipeline/lost_opportunities.html]
[www.odoo.com/documentation/18.0/applications/sales/crm/pipeline/merge_similar.html]
[www.odoo.com/documentation/18.0/applications/sales/crm/pipeline/manage_sales_teams.html]
[www.odoo.com/documentation/18.0/applications/sales/crm/acquire_leads/convert.html]
[www.odoo.com/documentation/18.0/applications/sales/crm/acquire_leads/opportunities_form.html]
[www.odoo.com/documentation/18.0/applications/sales/crm/acquire_leads/email_manual.html]
[www.odoo.com/documentation/18.0/applications/sales/crm/acquire_leads/send_quotes.html]
[www.odoo.com/documentation/18.0/applications/sales/crm/acquire_leads/lead_mining.html]
[www.odoo.com/documentation/18.0/applications/sales/crm/track_leads/lead_scoring.html]
[www.odoo.com/documentation/18.0/applications/sales/crm/track_leads/unattended_leads_report.html]
[www.odoo.com/documentation/18.0/applications/sales/crm/track_leads/quality_leads_report.html]
[www.odoo.com/documentation/18.0/applications/sales/crm/track_leads/resellers.html]
[www.odoo.com/documentation/18.0/applications/sales/crm/track_leads/marketing_attribution.html]
[www.odoo.com/documentation/18.0/applications/sales/crm/track_leads/lead_distribution_report.html]
[www.odoo.com/documentation/18.0/applications/sales/crm/performance/win_loss.html]
[www.odoo.com/documentation/18.0/applications/sales/crm/performance/expected_revenue_report.html]
[www.odoo.com/documentation/18.0/applications/sales/crm/performance/forecast_report.html]
[www.odoo.com/documentation/18.0/applications/sales/crm/optimize/partner_autocomplete.html]
[www.odoo.com/documentation/18.0/applications/sales/crm/optimize/gamification.html]
[www.odoo.com/documentation/18.0/applications/sales/crm/optimize/utilize_activities.html]
[www.odoo.com/documentation/18.0/applications/sales/crm/optimize/lead_enrichment.html]
[www.odoo.com/documentation/18.0/applications/sales/sales.html]
[www.odoo.com/documentation/18.0/applications/sales/sales/send_quotations/create_quotations.html]
[www.odoo.com/documentation/18.0/applications/sales/sales/send_quotations/quote_template.html]
[www.odoo.com/documentation/18.0/applications/sales/sales/send_quotations/optional_products.html]
[www.odoo.com/documentation/18.0/applications/sales/sales/send_quotations/get_signature_to_validate.html]
[www.odoo.com/documentation/18.0/applications/sales/sales/send_quotations/get_paid_to_validate.html]
[www.odoo.com/documentation/18.0/applications/sales/sales/send_quotations/deadline.html]
[www.odoo.com/documentation/18.0/applications/sales/sales/send_quotations/different_addresses.html]
[www.odoo.com/documentation/18.0/applications/sales/sales/send_quotations/orders_and_variants.html]
[www.odoo.com/documentation/18.0/applications/sales/sales/send_quotations/pdf_quote_builder.html]
[www.odoo.com/documentation/18.0/applications/sales/sales/invoicing/invoicing_policy.html]
[www.odoo.com/documentation/18.0/applications/sales/sales/invoicing/down_payment.html]
[www.odoo.com/documentation/18.0/applications/sales/sales/invoicing/proforma.html]
[www.odoo.com/documentation/18.0/applications/sales/sales/invoicing/time_materials.html]
[www.odoo.com/documentation/18.0/applications/sales/sales/invoicing/milestone.html]
[www.odoo.com/documentation/18.0/applications/sales/sales/invoicing/expense.html]
[www.odoo.com/documentation/18.0/applications/sales/sales/products_prices/products/import.html]
[www.odoo.com/documentation/18.0/applications/sales/sales/products_prices/products/variants.html]
[www.odoo.com/documentation/18.0/applications/sales/sales/products_prices/products/product_images.html]
[www.odoo.com/documentation/18.0/applications/sales/sales/products_prices/prices/pricing.html]
[www.odoo.com/documentation/18.0/applications/sales/sales/products_prices/prices/currencies.html]
[www.odoo.com/documentation/18.0/applications/sales/sales/products_prices/returns.html]
[www.odoo.com/documentation/18.0/applications/sales/sales/products_prices/ewallets_giftcards.html]
[www.odoo.com/documentation/18.0/applications/sales/sales/products_prices/loyalty_discount.html]
[www.odoo.com/documentation/18.0/applications/sales/sales/amazon_connector/features.html]
[www.odoo.com/documentation/18.0/applications/sales/sales/amazon_connector/setup.html]
[www.odoo.com/documentation/18.0/applications/sales/sales/amazon_connector/manage.html]
[www.odoo.com/documentation/18.0/applications/sales/point_of_sale.html]
[www.odoo.com/documentation/18.0/applications/sales/point_of_sale/employee_login.html]
[www.odoo.com/documentation/18.0/applications/sales/point_of_sale/receipts_invoices.html]
[www.odoo.com/documentation/18.0/applications/sales/point_of_sale/combos.html]
[www.odoo.com/documentation/18.0/applications/sales/point_of_sale/configuration.html]
[www.odoo.com/documentation/18.0/applications/sales/point_of_sale/configuration/epos_printers.html]
[www.odoo.com/documentation/18.0/applications/sales/point_of_sale/configuration/https.html]
[www.odoo.com/documentation/18.0/applications/sales/point_of_sale/configuration/epos_ssc.html]
[www.odoo.com/documentation/18.0/applications/sales/point_of_sale/shop/sales_order.html]
[www.odoo.com/documentation/18.0/applications/sales/point_of_sale/shop/barcode.html]
[www.odoo.com/documentation/18.0/applications/sales/point_of_sale/shop/serial_numbers.html]
[www.odoo.com/documentation/18.0/applications/sales/point_of_sale/shop/ship_later.html]
[www.odoo.com/documentation/18.0/applications/sales/point_of_sale/shop/customer_display.html]
[www.odoo.com/documentation/18.0/applications/sales/point_of_sale/restaurant.html]
[www.odoo.com/documentation/18.0/applications/sales/point_of_sale/restaurant/floors_tables.html]
[www.odoo.com/documentation/18.0/applications/sales/point_of_sale/restaurant/kitchen_printing.html]
[www.odoo.com/documentation/18.0/applications/sales/point_of_sale/restaurant/bill_printing.html]
[www.odoo.com/documentation/18.0/applications/sales/point_of_sale/restaurant/tips.html]
[www.odoo.com/documentation/18.0/applications/sales/point_of_sale/pricing/discounts.html]
[www.odoo.com/documentation/18.0/applications.html]
[www.odoo.com/documentation/18.0/de/applications.html]
[www.odoo.com/documentation/18.0/es/applications.html]
[www.odoo.com/documentation/18.0/es_419/applications.html]
[www.odoo.com/documentation/18.0/fr/applications.html]
[www.odoo.com/documentation/18.0/id/applications.html]
[www.odoo.com/documentation/18.0/it/applications.html]
[www.odoo.com/documentation/18.0/ja/applications.html]
[www.odoo.com/documentation/18.0/ko/applications.html]
[www.odoo.com/documentation/18.0/nl/applications.html]
[www.odoo.com/documentation/18.0/pt_BR/applications.html]
[www.odoo.com/documentation/18.0/ro/applications.html]
[www.odoo.com/documentation/18.0/sv/applications.html]
[www.odoo.com/documentation/18.0/th/applications.html]
[www.odoo.com/documentation/18.0/vi/applications.html]
[www.odoo.com/documentation/18.0/zh_CN/applications.html]
[www.odoo.com/documentation/18.0/zh_TW/applications.html]
[www.odoo.com/documentation/18.0/genindex.html]
[www.odoo.com/documentation/18.0/search.html]
[www.odoo.com/documentation/18.0/applications/essentials.html]
[www.odoo.com/documentation/18.0/index.html]
[www.odoo.com/documentation/18.0/applications/essentials/activities.html]
[www.odoo.com/documentation/18.0/applications/essentials/reporting.html]
[www.odoo.com/documentation/18.0/applications/essentials/search.html]
[www.odoo.com/documentation/18.0/applications/essentials/contacts.html]
[www.odoo.com/documentation/18.0/applications/essentials/contacts/merge.html]
[www.odoo.com/documentation/18.0/applications/essentials/export_import_data.html]
[www.odoo.com/documentation/18.0/applications/essentials/in_app_purchase.html]
[www.odoo.com/documentation/18.0/applications/essentials/keyboard_shortcuts.html]
[www.odoo.com/documentation/18.0/applications/finance/accounting.html]
[www.odoo.com/documentation/18.0/applications/finance/accounting/get_started.html]
[www.odoo.com/documentation/18.0/applications/finance/accounting/get_started/cheat_sheet.html]
[www.odoo.com/documentation/18.0/applications/finance/accounting/get_started/chart_of_accounts.html]
[www.odoo.com/documentation/18.0/applications/finance/accounting/get_started/multi_currency.html]
[www.odoo.com/documentation/18.0/applications/finance/accounting/get_started/avg_price_valuation.html]
[www.odoo.com/documentation/18.0/applications/finance/accounting/get_started/tax_units.html]
[www.odoo.com/documentation/18.0/applications/finance/accounting/taxes.html]
[www.odoo.com/documentation/18.0/applications/finance/accounting/taxes/cash_basis.html]
[www.odoo.com/documentation/18.0/applications/finance/accounting/taxes/retention.html]
[www.odoo.com/documentation/18.0/applications/finance/accounting/taxes/vat_verification.html]
[www.odoo.com/documentation/18.0/applications/finance/accounting/taxes/fiscal_positions.html]
[www.odoo.com/documentation/18.0/applications/finance/accounting/taxes/avatax.html]
[www.odoo.com/documentation/18.0/applications/finance/accounting/taxes/avatax/avatax_use.html]
[www.odoo.com/documentation/18.0/applications/finance/accounting/taxes/avatax/avalara_portal.html]
[www.odoo.com/documentation/18.0/applications/finance/accounting/taxes/eu_distance_selling.html]
[www.odoo.com/documentation/18.0/applications/finance/accounting/taxes/B2B_B2C.html]
[www.odoo.com/documentation/18.0/applications/finance/accounting/customer_invoices.html]
[www.odoo.com/documentation/18.0/applications/finance/accounting/customer_invoices/overview.html]
[www.odoo.com/documentation/18.0/applications/finance/accounting/customer_invoices/customer_addresses.html]
[www.odoo.com/documentation/18.0/applications/finance/accounting/customer_invoices/payment_terms.html]
[www.odoo.com/documentation/18.0/applications/finance/accounting/customer_invoices/terms_conditions.html]
[www.odoo.com/documentation/18.0/applications/finance/accounting/customer_invoices/cash_discounts.html]
[www.odoo.com/documentation/18.0/applications/finance/accounting/customer_invoices/credit_notes.html]
[www.odoo.com/documentation/18.0/applications/finance/accounting/customer_invoices/cash_rounding.html]
[www.odoo.com/documentation/18.0/applications/finance/accounting/customer_invoices/deferred_revenues.html]
[www.odoo.com/documentation/18.0/applications/finance/accounting/customer_invoices/electronic_invoicing.html]
[www.odoo.com/documentation/18.0/applications/finance/accounting/customer_invoices/snailmail.html]
[www.odoo.com/documentation/18.0/applications/finance/accounting/customer_invoices/epc_qr_code.html]
[www.odoo.com/documentation/18.0/applications/finance/accounting/customer_invoices/incoterms.html]
[www.odoo.com/documentation/18.0/applications/finance/accounting/vendor_bills.html]
[www.odoo.com/documentation/18.0/applications/finance/accounting/vendor_bills/invoice_digitization.html]
[www.odoo.com/documentation/18.0/applications/finance/accounting/vendor_bills/assets.html]
[www.odoo.com/documentation/18.0/applications/finance/accounting/vendor_bills/deferred_expenses.html]
[www.odoo.com/documentation/18.0/applications/finance/accounting/payments.html]
[www.odoo.com/documentation/18.0/applications/finance/accounting/payments/online.html]
[www.odoo.com/documentation/18.0/applications/finance/accounting/payments/online/install_portal_patch.html]
[www.odoo.com/documentation/18.0/applications/finance/accounting/payments/checks.html]
[www.odoo.com/documentation/18.0/applications/finance/accounting/payments/batch.html]
[www.odoo.com/documentation/18.0/applications/finance/accounting/payments/batch_sdd.html]
[www.odoo.com/documentation/18.0/applications/finance/accounting/payments/follow_up.html]
[www.odoo.com/documentation/18.0/applications/finance/accounting/payments/internal_transfers.html]
[www.odoo.com/documentation/18.0/applications/finance/accounting/payments/pay_sepa.html]
[www.odoo.com/documentation/18.0/applications/finance/accounting/payments/pay_checks.html]
[www.odoo.com/documentation/18.0/applications/finance/accounting/payments/forecast.html]
[www.odoo.com/documentation/18.0/applications/finance/accounting/payments/trusted_accounts.html]
[www.odoo.com/documentation/18.0/applications/finance/accounting/bank.html]
[www.odoo.com/documentation/18.0/applications/finance/accounting/bank/bank_synchronization.html]
[www.odoo.com/documentation/18.0/applications/finance/accounting/bank/bank_synchronization/saltedge.html]
[www.odoo.com/documentation/18.0/applications/finance/accounting/bank/bank_synchronization/ponto.html]
[www.odoo.com/documentation/18.0/applications/finance/accounting/bank/bank_synchronization/enablebanking.html]
[www.odoo.com/documentation/18.0/applications/finance/accounting/bank/transactions.html]
[www.odoo.com/documentation/18.0/applications/finance/accounting/bank/reconciliation.html]
[www.odoo.com/documentation/18.0/applications/finance/accounting/bank/reconciliation_models.html]
[www.odoo.com/documentation/18.0/applications/finance/accounting/bank/foreign_currency.html]
[www.odoo.com/documentation/18.0/applications/finance/accounting/bank/loans.html]
[www.odoo.com/documentation/18.0/applications/finance/accounting/reporting.html]
[www.odoo.com/documentation/18.0/applications/finance/accounting/reporting/tax_returns.html]
[www.odoo.com/documentation/18.0/applications/finance/accounting/reporting/tax_carryover.html]
[www.odoo.com/documentation/18.0/applications/finance/accounting/reporting/analytic_accounting.html]
[www.odoo.com/documentation/18.0/applications/finance/accounting/reporting/budget.html]
[www.odoo.com/documentation/18.0/applications/finance/accounting/reporting/intrastat.html]
[www.odoo.com/documentation/18.0/applications/finance/accounting/reporting/data_inalterability.html]
[www.odoo.com/documentation/18.0/applications/finance/accounting/reporting/silverfin.html]
[www.odoo.com/documentation/18.0/applications/finance/accounting/reporting/customize.html]
[www.odoo.com/documentation/18.0/applications/finance/accounting/reporting/year_end.html]
[www.odoo.com/documentation/18.0/applications/finance/expenses.html]
[www.odoo.com/documentation/18.0/applications/finance/expenses/log_expenses.html]
[www.odoo.com/documentation/18.0/applications/finance/expenses/expense_reports.html]
[www.odoo.com/documentation/18.0/applications/finance/expenses/approve_expenses.html]
[www.odoo.com/documentation/18.0/applications/finance/expenses/post_expenses.html]
[www.odoo.com/documentation/18.0/applications/finance/expenses/reimburse.html]
[www.odoo.com/documentation/18.0/applications/finance/expenses/reinvoice_expenses.html]
[www.odoo.com/documentation/18.0/applications/finance/payment_providers.html]
[www.odoo.com/documentation/18.0/applications/finance/payment_providers/wire_transfer.html]
[www.odoo.com/documentation/18.0/applications/finance/payment_providers/adyen.html]
[www.odoo.com/documentation/18.0/applications/finance/payment_providers/amazon_payment_services.html]
[www.odoo.com/documentation/18.0/applications/finance/payment_providers/asiapay.html]
[www.odoo.com/documentation/18.0/applications/finance/payment_providers/authorize.html]
[www.odoo.com/documentation/18.0/applications/finance/payment_providers/buckaroo.html]
[www.odoo.com/documentation/18.0/applications/finance/payment_providers/demo.html]
[www.odoo.com/documentation/18.0/applications/finance/payment_providers/flutterwave.html]
[www.odoo.com/documentation/18.0/applications/finance/payment_providers/mercado_pago.html]
[www.odoo.com/documentation/18.0/applications/finance/payment_providers/mollie.html]
[www.odoo.com/documentation/18.0/applications/finance/payment_providers/paypal.html]
[www.odoo.com/documentation/18.0/applications/finance/payment_providers/razorpay.html]
[www.odoo.com/documentation/18.0/applications/finance/payment_providers/stripe.html]
[www.odoo.com/documentation/18.0/applications/finance/payment_providers/worldline.html]
[www.odoo.com/documentation/18.0/applications/finance/payment_providers/xendit.html]
[www.odoo.com/documentation/18.0/applications/finance/fiscal_localizations.html]
[www.odoo.com/documentation/18.0/applications/finance/fiscal_localizations/argentina.html]
[www.odoo.com/documentation/18.0/applications/finance/fiscal_localizations/australia.html]
[www.odoo.com/documentation/18.0/applications/finance/fiscal_localizations/austria.html]
[www.odoo.com/documentation/18.0/applications/finance/fiscal_localizations/belgium.html]
[www.odoo.com/documentation/18.0/applications/finance/fiscal_localizations/brazil.html]
[www.odoo.com/documentation/18.0/applications/finance/fiscal_localizations/canada.html]
[www.odoo.com/documentation/18.0/applications/finance/fiscal_localizations/chile.html]
[www.odoo.com/documentation/18.0/applications/finance/fiscal_localizations/colombia.html]
[www.odoo.com/documentation/18.0/applications/finance/fiscal_localizations/ecuador.html]
[www.odoo.com/documentation/18.0/applications/finance/fiscal_localizations/egypt.html]
[www.odoo.com/documentation/18.0/applications/finance/fiscal_localizations/france.html]
[www.odoo.com/documentation/18.0/applications/finance/fiscal_localizations/germany.html]
[www.odoo.com/documentation/18.0/applications/finance/fiscal_localizations/hong_kong.html]
[www.odoo.com/documentation/18.0/applications/finance/fiscal_localizations/india.html]
[www.odoo.com/documentation/18.0/applications/finance/fiscal_localizations/indonesia.html]
[www.odoo.com/documentation/18.0/applications/finance/fiscal_localizations/italy.html]
[www.odoo.com/documentation/18.0/applications/finance/fiscal_localizations/kenya.html]
[www.odoo.com/documentation/18.0/applications/finance/fiscal_localizations/luxembourg.html]
[www.odoo.com/documentation/18.0/applications/finance/fiscal_localizations/malaysia.html]
[www.odoo.com/documentation/18.0/applications/finance/fiscal_localizations/mexico.html]
[www.odoo.com/documentation/18.0/applications/finance/fiscal_localizations/netherlands.html]
[www.odoo.com/documentation/18.0/applications/finance/fiscal_localizations/new_zealand.html]
[www.odoo.com/documentation/18.0/applications/finance/fiscal_localizations/romania.html]
[www.odoo.com/documentation/18.0/applications/finance/fiscal_localizations/peru.html]
[www.odoo.com/documentation/18.0/applications/finance/fiscal_localizations/philippines.html]
[www.odoo.com/documentation/18.0/applications/finance/fiscal_localizations/saudi_arabia.html]
[www.odoo.com/documentation/18.0/applications/finance/fiscal_localizations/singapore.html]
[www.odoo.com/documentation/18.0/applications/finance/fiscal_localizations/spain.html]
[www.odoo.com/documentation/18.0/applications/finance/fiscal_localizations/switzerland.html]
[www.odoo.com/documentation/18.0/applications/finance/fiscal_localizations/thailand.html]
[www.odoo.com/documentation/18.0/applications/finance/fiscal_localizations/vietnam.html]
[www.odoo.com/documentation/18.0/applications/finance/fiscal_localizations/united_arab_emirates.html]
[www.odoo.com/documentation/18.0/applications/finance/fiscal_localizations/united_kingdom.html]
[www.odoo.com/documentation/18.0/applications/finance/fiscal_localizations/united_states.html]
[www.odoo.com/documentation/18.0/applications/finance/fiscal_localizations/uruguay.html]
[www.odoo.com/documentation/18.0/applications/finance/fiscal_localizations/employment_hero.html]
[www.odoo.com/documentation/18.0/applications/sales/crm.html]
[www.odoo.com/documentation/18.0/applications/sales/crm/pipeline/lost_opportunities.html]
[www.odoo.com/documentation/18.0/applications/sales/crm/pipeline/merge_similar.html]
[www.odoo.com/documentation/18.0/applications/sales/crm/pipeline/manage_sales_teams.html]
[www.odoo.com/documentation/18.0/applications/sales/crm/acquire_leads/convert.html]
[www.odoo.com/documentation/18.0/applications/sales/crm/acquire_leads/opportunities_form.html]
[www.odoo.com/documentation/18.0/applications/sales/crm/acquire_leads/email_manual.html]
[www.odoo.com/documentation/18.0/applications/sales/crm/acquire_leads/send_quotes.html]
[www.odoo.com/documentation/18.0/applications/sales/crm/acquire_leads/lead_mining.html]
[www.odoo.com/documentation/18.0/applications/sales/crm/track_leads/lead_scoring.html]
[www.odoo.com/documentation/18.0/applications/sales/crm/track_leads/unattended_leads_report.html]
[www.odoo.com/documentation/18.0/applications/sales/crm/track_leads/quality_leads_report.html]
[www.odoo.com/documentation/18.0/applications/sales/crm/track_leads/resellers.html]
[www.odoo.com/documentation/18.0/applications/sales/crm/track_leads/marketing_attribution.html]
[www.odoo.com/documentation/18.0/applications/sales/crm/track_leads/lead_distribution_report.html]
[www.odoo.com/documentation/18.0/applications/sales/crm/performance/win_loss.html]
[www.odoo.com/documentation/18.0/applications/sales/crm/performance/expected_revenue_report.html]
[www.odoo.com/documentation/18.0/applications/sales/crm/performance/forecast_report.html]
[www.odoo.com/documentation/18.0/applications/sales/crm/optimize/partner_autocomplete.html]
[www.odoo.com/documentation/18.0/applications/sales/crm/optimize/gamification.html]
[www.odoo.com/documentation/18.0/applications/sales/crm/optimize/utilize_activities.html]
[www.odoo.com/documentation/18.0/applications/sales/crm/optimize/lead_enrichment.html]
[www.odoo.com/documentation/18.0/applications/sales/sales.html]
[www.odoo.com/documentation/18.0/applications/sales/sales/send_quotations/create_quotations.html]
[www.odoo.com/documentation/18.0/applications/sales/sales/send_quotations/quote_template.html]
[www.odoo.com/documentation/18.0/applications/sales/sales/send_quotations/optional_products.html]
[www.odoo.com/documentation/18.0/applications/sales/sales/send_quotations/get_signature_to_validate.html]
[www.odoo.com/documentation/18.0/applications/sales/sales/send_quotations/get_paid_to_validate.html]
[www.odoo.com/documentation/18.0/applications/sales/sales/send_quotations/deadline.html]
[www.odoo.com/documentation/18.0/applications/sales/sales/send_quotations/different_addresses.html]
[www.odoo.com/documentation/18.0/applications/sales/sales/send_quotations/orders_and_variants.html]
[www.odoo.com/documentation/18.0/applications/sales/sales/send_quotations/pdf_quote_builder.html]
[www.odoo.com/documentation/18.0/applications/sales/sales/invoicing/invoicing_policy.html]
[www.odoo.com/documentation/18.0/applications/sales/sales/invoicing/down_payment.html]
[www.odoo.com/documentation/18.0/applications/sales/sales/invoicing/proforma.html]
[www.odoo.com/documentation/18.0/applications/sales/sales/invoicing/time_materials.html]
[www.odoo.com/documentation/18.0/applications/sales/sales/invoicing/milestone.html]
[www.odoo.com/documentation/18.0/applications/sales/sales/invoicing/expense.html]
[www.odoo.com/documentation/18.0/applications/sales/sales/products_prices/products/import.html]
[www.odoo.com/documentation/18.0/applications/sales/sales/products_prices/products/variants.html]
[www.odoo.com/documentation/18.0/applications/sales/sales/products_prices/products/product_images.html]
[www.odoo.com/documentation/18.0/applications/sales/sales/products_prices/prices/pricing.html]
[www.odoo.com/documentation/18.0/applications/sales/sales/products_prices/prices/currencies.html]
[www.odoo.com/documentation/18.0/applications/sales/sales/products_prices/returns.html]
[www.odoo.com/documentation/18.0/applications/sales/sales/products_prices/ewallets_giftcards.html]
[www.odoo.com/documentation/18.0/applications/sales/sales/products_prices/loyalty_discount.html]
[www.odoo.com/documentation/18.0/applications/sales/sales/amazon_connector/features.html]
[www.odoo.com/documentation/18.0/applications/sales/sales/amazon_connector/setup.html]
[www.odoo.com/documentation/18.0/applications/sales/sales/amazon_connector/manage.html]
[www.odoo.com/documentation/18.0/applications/sales/point_of_sale.html]
[www.odoo.com/documentation/18.0/applications/sales/point_of_sale/employee_login.html]
[www.odoo.com/documentation/18.0/applications/sales/point_of_sale/receipts_invoices.html]
[www.odoo.com/documentation/18.0/applications/sales/point_of_sale/combos.html]
[www.odoo.com/documentation/18.0/applications/sales/point_of_sale/configuration.html]
[www.odoo.com/documentation/18.0/applications/sales/point_of_sale/configuration/epos_printers.html]
[www.odoo.com/documentation/18.0/applications/sales/point_of_sale/configuration/https.html]
[www.odoo.com/documentation/18.0/applications/sales/point_of_sale/configuration/epos_ssc.html]
[www.odoo.com/documentation/18.0/applications/sales/point_of_sale/shop/sales_order.html]
[www.odoo.com/documentation/18.0/applications/sales/point_of_sale/shop/barcode.html]
[www.odoo.com/documentation/18.0/applications/sales/point_of_sale/shop/serial_numbers.html]
[www.odoo.com/documentation/18.0/applications/sales/point_of_sale/shop/ship_later.html]
[www.odoo.com/documentation/18.0/applications/sales/point_of_sale/shop/customer_display.html]
[www.odoo.com/documentation/18.0/applications/sales/point_of_sale/restaurant.html]
[www.odoo.com/documentation/18.0/applications/sales/point_of_sale/restaurant/floors_tables.html]
[www.odoo.com/documentation/18.0/applications/sales/point_of_sale/restaurant/kitchen_printing.html]
[www.odoo.com/documentation/18.0/applications/sales/point_of_sale/restaurant/bill_printing.html]
[www.odoo.com/documentation/18.0/applications/sales/point_of_sale/restaurant/tips.html]
[www.odoo.com/documentation/18.0/applications/sales/point_of_sale/pricing/discounts.html]
[www.odoo.com/documentation/18.0/applications/sales/point_of_sale/pricing/discount_tags.html]
[www.odoo.com/documentation/18.0/_static/pygments.css]
[www.odoo.com/documentation/18.0/_static/style.css]
[www.odoo.com/documentation/18.0/_static/graphviz.css]
[www.odoo.com/documentation/18.0/de/applications.html]
